// Jest Snapshot v1, https://goo.gl/fbAQLP

exports[`matches snapshot 1 1`] = `
<div
  className="todo completed"
  onClick={[Function]}
>
  DONE: 
  abc
</div>
`;
